./rfc5444_decoder.c
./fsm.c
./dlep_client_metrics.c
./rfc5444_scratch_pad.c
./sim_dlep_radio.c
./ipv4_address.c
./dlep_porter.c
./fuzz_dlep_cli.c
./dlep_debug.c
./dlep_config.c
./sim_dlep_radio_cli.c
./rfc5444_packet_header.c
./fuzz_packet.c
./dlep_client_peer_event_handlers.c
./stw_system_timer.c
./fuzz_encoder_tlv.c
./mac_address.c
./dlep_client_peer_fsm.c
./dlep_message_builder.c
./rfc5444_decoder_tlv.c
./stw_timer.c
./dlep_source_cli.c
./rfc5444_encoder_tlv.c
./rfc5444_utils.c
./dlep_context_peer.c
./dlep_context_peer_management.c
./dlep_debug_cli.c
./fuzz_message_builder.c
./packet_dump.c
./dlep_client_neighbor_event_handlers.c
./rfc5444_encoder.c
./dlep_buffers.c
./dlep_client_message_parser.c
./dlep_client_neighbor_fsm.c
./dlep_context_neighbor.c
./dlep_client_timer.c
./rfc5444_experimental_tlv.c
./cli.c
./ipv6_address.c
./dlep_context_neighbor_management.c
./fuzz_message_builder.h
./rfc5444_experimental_tlv.h
./time_units.h
./dlep_context_peer_management.h
./dlep_client_peer_fsm.h
./dlep_source_cli.h
./stw_timer.h
./rfc5444_utils.h
./dlep_context_neighbor.h
./mac_address.h
./fsm.h
./rfc5444_decoder_tlv.h
./dlep_client_neighbor_event_handlers.h
./packet_dump.h
./runtime_environment.h
./dlep_buffers.h
./rfc5444_decoder.h
./dlep_client_message_parser.h
./dlep_sim_options.h
./dlep_client_metrics.h
./ipv4_address.h
./stw_system_timer.h
./dlep_message_builder.h
./sim_dlep_radio_cli.h
./fuzz_encoder_tlv.h
./network_order.h
./safe_limits.h
./dlep_debug_cli.h
./rfc5444_encoder.h
./dlep_debug.h
./dlep_server_neighbor_fsm.h
./rfc5444_types.h
./rfc5444_encoder_tlv.h
./safe_types.h
./fuzz_packet.h
./dlep_context_peer.h
./dlep_porter.h
./dlep_client_neighbor_fsm.h
./rfc5444_api_rc.h
./rfc5444_packet_header.h
./dlep_context_neighbor_management.h
./dlep_client_timer.h
./fuzz_dlep_cli.h
./dlep_client_peer_event_handlers.h
./rfc5444_scratch_pad.h
./dlep_config.h
./cli.h
./ipv6_address.h
